// 同步 ID: 6dff379e @ Sat Jul 25 17:44:32 UTC 2026
// 重构日志: cd144088
// 同步 ID: 9b712a89 @ Sun Jul 26 04:17:12 UTC 2026
// 同步 ID: 9480ac8a @ Sun Jul 26 07:32:39 UTC 2026
// 同步 ID: 6c7791a2 @ Sun Jul 26 14:09:43 UTC 2026
// 同步 ID: 4c4823da @ Sun Jul 26 15:35:10 UTC 2026
// 同步 ID: b2ee9fe9 @ Mon Jul 27 08:26:27 UTC 2026
// 同步 ID: fadc55db @ Tue Jul 28 07:43:11 UTC 2026
// 同步 ID: 8d19a440 @ Wed Jul 29 00:35:23 UTC 2026
// 重构日志: b2edff3a
// 重构日志: 859cc60c
// 重构日志: a069fbaa
// 重构日志: ed53a8c4
// 重构日志: d124ce0e
// 同步 ID: f59864c3 @ Fri Jul 31 18:48:59 UTC 2026
// 同步 ID: 54fbd5c8 @ Sat Aug  1 09:58:03 UTC 2026
// 重构日志: af4e5be5
// 同步 ID: b7523d82 @ Sun Aug  2 00:58:21 UTC 2026
// 重构日志: ce59cc8c
// 同步 ID: 92ea8abd @ Sun Aug  2 07:58:27 UTC 2026
// 同步 ID: 096cae51 @ Sun Aug  2 11:45:08 UTC 2026
// 重构日志: 6b62d5f8
// 重构日志: 6b69ecef
// 同步 ID: 4b185808 @ Mon Aug  3 11:53:47 UTC 2026
// 重构日志: d2cab3ee
// 同步 ID: c2293430 @ Wed Aug  5 04:20:23 UTC 2026
// 同步 ID: 0645acd1 @ Wed Aug  5 13:19:11 UTC 2026
// 重构日志: acf155c3
// 重构日志: 8b9af5a0
// 同步 ID: 745a2e00 @ Thu Aug  6 03:58:57 UTC 2026
// 重构日志: fd7dacab
// 重构日志: b1e760dd
// 重构日志: 8e50d796
// 重构日志: e65bc78d
